pool stack OOF RMSLE 1.6649638
a409a_val              standalone=1.74839 corr=0.9930 matched=+0.0000010 deploy=-0.0000319 w>0 14/96 FAIL
cls120_val_server_val  standalone=1.69892 corr=0.9825 matched=+0.0000467 deploy=+0.0000281 w>0 96/96 FAIL
cls120hyb_val_server_val standalone=1.70937 corr=0.9814 matched=-0.0000085 deploy=-0.0000259 w>0 30/96 FAIL
cls120hybmkt_val_server_val standalone=1.73350 corr=0.9782 matched=-0.0000089 deploy=-0.0000315 w>0 31/96 FAIL
cls120hybmktclass_val_server_val standalone=1.72395 corr=0.9777 matched=-0.0000127 deploy=-0.0000295 w>0 64/96 FAIL
cls180hyb_val_server_val standalone=1.69237 corr=0.9892 matched=-0.0000065 deploy=-0.0000210 w>0 21/96 FAIL
cls180hybmkt_val_epoch1_server_val standalone=2.00018 corr=0.9796 matched=+0.0000038 deploy=-0.0000144 w>0 2/96 FAIL
cls180hybmkt_val_server_val standalone=1.70871 corr=0.9884 matched=+0.0000080 deploy=-0.0000126 w>0 86/96 FAIL
cls240_val_server_val  standalone=1.67440 corr=0.9940 matched=+0.0000145 deploy=-0.0000045 w>0 87/96 FAIL
cls240hyb_val_server_val standalone=1.68297 corr=0.9924 matched=+0.0000070 deploy=-0.0000215 w>0 83/96 FAIL
cls240hybmkt_val_server_val standalone=2.36483 corr=0.9850 matched=+0.0000041 deploy=-0.0000158 w>0 3/96 FAIL
cls300b_val_server_val standalone=1.68495 corr=0.9954 matched=-0.0000085 deploy=-0.0000218 w>0 82/96 FAIL
cls300cal_val_server_val standalone=1.88197 corr=0.9883 matched=-0.0000126 deploy=-0.0000235 w>0 52/96 FAIL
cls300hybmkt_val_server_val standalone=1.81517 corr=0.9925 matched=-0.0000133 deploy=-0.0000312 w>0 55/96 FAIL
cls300mkt_val_epoch1_mix045_val standalone=1.67993 corr=0.9920 matched=-0.0000050 deploy=-0.0000292 w>0 23/96 FAIL
cls300mkt_val_server_val standalone=1.73601 corr=0.9956 matched=+0.0000008 deploy=-0.0000146 w>0 85/96 FAIL
cls300tprofhead_val_server_val standalone=1.68600 corr=0.9945 matched=-0.0000149 deploy=-0.0000479 w>0 43/96 FAIL
cls30_val_server_val   standalone=1.82142 corr=0.8973 matched=+0.0000649 deploy=+0.0000272 w>0 1/96 FAIL
cls409class_val_server_val standalone=1.67062 corr=0.9971 matched=+0.0006434 deploy=+0.0006214 w>0 96/96 PASS
cls409dense_val_server_val standalone=1.67398 corr=0.9971 matched=+0.0002476 deploy=+0.0002305 w>0 96/96 PASS
cls409hyb_val_epoch1_server_val standalone=1.67241 corr=0.9966 matched=+0.0000177 deploy=-0.0000030 w>0 93/96 FAIL
cls409hyb_val_server_val standalone=1.66920 corr=0.9974 matched=+0.0003884 deploy=+0.0003709 w>0 96/96 PASS
cls409mkt_val_server_val standalone=1.81182 corr=0.9958 matched=-0.0000174 deploy=-0.0000355 w>0 61/96 FAIL
cls409wide_val_server_val standalone=1.67215 corr=0.9961 matched=-0.0000012 deploy=-0.0000150 w>0 87/96 FAIL
cls409wide_val_val     standalone=1.67215 corr=0.9961 matched=-0.0000012 deploy=-0.0000150 w>0 87/96 FAIL
cls43gift_val_server_val standalone=1.78153 corr=0.9252 matched=-0.0000178 deploy=-0.0000487 w>0 39/96 FAIL
cls60_val_server_val   standalone=1.76302 corr=0.9530 matched=-0.0000103 deploy=-0.0000225 w>0 63/96 FAIL
cls60hyb_val_server_val standalone=1.77922 corr=0.9521 matched=-0.0000033 deploy=-0.0000172 w>0 26/96 FAIL
cls60hybmkt_val_epoch1_server_val standalone=1.79149 corr=0.9427 matched=-0.0000142 deploy=-0.0000388 w>0 42/96 FAIL
cls60hybmkt_val_server_val standalone=1.84315 corr=0.9514 matched=-0.0000031 deploy=-0.0000148 w>0 83/96 FAIL
cls90hyb_val_server_val standalone=1.70864 corr=0.9730 matched=-0.0000040 deploy=-0.0000163 w>0 75/96 FAIL
cls90hybmkt_val_epoch1_server_val standalone=1.99727 corr=0.8550 matched=-0.0000160 deploy=-0.0000392 w>0 36/96 FAIL
cls90hybmkt_val_server_val standalone=1.79021 corr=0.9645 matched=-0.0000157 deploy=-0.0000308 w>0 65/96 FAIL
control409_growth_val  standalone=1.75528 corr=0.9917 matched=-0.0000170 deploy=-0.0000387 w>0 55/96 FAIL
control409s2718_growth_val standalone=2.23059 corr=0.9861 matched=+0.0000096 deploy=-0.0000274 w>0 9/96 FAIL
directevent409_growth_val standalone=1.82324 corr=0.9875 matched=-0.0000037 deploy=-0.0000095 w>0 14/96 FAIL
event409_growth_val    standalone=2.42725 corr=0.9834 matched=+0.0000256 deploy=+0.0000154 w>0 2/96 FAIL
mark409_growth_val     standalone=2.28429 corr=0.9799 matched=-0.0000035 deploy=-0.0000168 w>0 10/96 FAIL
mark409s2718_growth_val standalone=1.94579 corr=0.9867 matched=+0.0000858 deploy=+0.0000616 w>0 0/96 FAIL
reg409_growth_val      standalone=1.74546 corr=0.9916 matched=+0.0000120 deploy=-0.0000109 w>0 11/96 FAIL
smoke_event_summary_val standalone=3.20202 corr=-0.7689 matched=+0.0000193 deploy=+0.0000189 w>0 96/96 FAIL
smoke_marked_event_val standalone=2.96036 corr=0.7080 matched=+0.0000000 deploy=-0.0000000 w>0 73/96 FAIL
surv409_growth_val     standalone=2.14993 corr=0.9823 matched=+0.0000182 deploy=-0.0000198 w>0 94/96 FAIL
tcn365e_val            standalone=1.70171 corr=0.9964 matched=-0.0000020 deploy=-0.0000189 w>0 73/96 FAIL
tcn409rep_server_val   standalone=1.78340 corr=0.9936 matched=-0.0000072 deploy=-0.0000232 w>0 41/96 FAIL
w150b_val              standalone=1.69646 corr=0.9863 matched=+0.0000056 deploy=-0.0000134 w>0 87/96 FAIL
w210b_val              standalone=1.67919 corr=0.9909 matched=-0.0000021 deploy=-0.0000269 w>0 73/96 FAIL
w210c_val              standalone=1.69201 corr=0.9917 matched=+0.0000163 deploy=+0.0000045 w>0 88/96 FAIL
w240a_val              standalone=1.69325 corr=0.9934 matched=-0.0000089 deploy=-0.0000325 w>0 63/96 FAIL
w240b_val              standalone=1.70253 corr=0.9926 matched=+0.0000291 deploy=-0.0000037 w>0 92/96 FAIL
w300b_val              standalone=1.68197 corr=0.9961 matched=-0.0000120 deploy=-0.0000225 w>0 65/96 FAIL
w30a_val               standalone=1.82230 corr=0.8965 matched=+0.0000563 deploy=+0.0000203 w>0 0/96 FAIL
w336a_val              standalone=1.74044 corr=0.9950 matched=+0.0000116 deploy=-0.0000033 w>0 6/96 FAIL
w336b_val              standalone=1.67192 corr=0.9964 matched=+0.0000445 deploy=+0.0000340 w>0 4/96 FAIL
w365c_val              standalone=1.67839 corr=0.9971 matched=+0.0000010 deploy=-0.0000169 w>0 93/96 FAIL
w409_exact_buyer_s93_val standalone=1.67412 corr=0.9973 matched=+0.0000342 deploy=+0.0000211 w>0 96/96 FAIL
w409_exact_position_s93_val standalone=1.67613 corr=0.9979 matched=+0.0001690 deploy=+0.0001629 w>0 96/96 PASS
w409d_val              standalone=1.69460 corr=0.9959 matched=-0.0000100 deploy=-0.0000291 w>0 72/96 FAIL
w409e_val              standalone=1.70678 corr=0.9971 matched=+0.0000632 deploy=+0.0000472 w>0 96/96 FAIL
w409twoa_val           standalone=1.67866 corr=0.9961 matched=+0.0000183 deploy=+0.0000026 w>0 95/96 FAIL
w75a_val               standalone=1.74591 corr=0.9637 matched=-0.0000082 deploy=-0.0000369 w>0 24/96 FAIL
